node : C:\Users\PC\OneDriv
e\Desktop\backend\node_mod
ules\.bin\jest:2
At line:1 char:1
+ node 
--experimental-vm-modules 
node_modules/.bin/jest 
test/unit/middl ...
+ ~~~~~~~~~~~~~~~~~~~~~~~~
~~~~~~~~~~~~~~~~~~~~~~~~~~
~~~~~~~~~~~~~~~~~~~
    + CategoryInfo        
      : NotSpecified: (C  
  :\Users\PC\One...les\   
 .bin\jest:2:String) [    
], RemoteException
    + FullyQualifiedError 
   Id : NativeCommandErr  
  or
 
basedir=$(dirname "$(echo 
"$0" | sed -e 
's,\\,/,g')")
          ^^^^^^^

SyntaxError: missing ) 
after argument list
    at wrapSafe (node:inte
rnal/modules/cjs/loader:16
38:18)
    at Module._compile (no
de:internal/modules/cjs/lo
ader:1680:20)
    at Object..js (node:in
ternal/modules/cjs/loader:
1839:10)
    at Module.load (node:i
nternal/modules/cjs/loader
:1441:32)
    at Function._load (nod
e:internal/modules/cjs/loa
der:1263:12)
    at 
TracingChannel.traceSync (
node:diagnostics_channel:3
22:14)
    at wrapModuleLoad (nod
e:internal/modules/cjs/loa
der:237:24)
    at Function.executeUse
rEntryPoint [as runMain] (
node:internal/modules/run_
main:171:5)
    at node:internal/main/
run_main_module:36:49

Node.js v22.20.0
